[virusportfolio.webstarts.com/index.html]
[backblue.gif]
[fade.gif]
[index.html]
[www.webstarts.com/static/library/users/common.css]
[www.webstarts.com/static/client-site-resources/10559142/css/siteba61.css]
[www.webstarts.com/static/client-site-resources/10559142/css/layout-desktopba61.css]
[www.webstarts.com/static/library/users/fonts/public/css/public-icons.min.css]
[www.webstarts.com/static/client-site-resources/10559142/css/indexba61.css]
[www.webstarts.com/static/client-site-resources/10559142/css/index-layout-desktopba61.css]
[www.webstarts.com/static/library/users/magnific-popup/dist/magnific-popup.css]
[ajax.googleapis.com/ajax/libs/jquery/1.11.1/jquery.min.js]
[www.webstarts.com/static/library/users/common.js]
[virusportfolio.webstarts.com/index-2.html]
[virusportfolio.webstarts.com/edits.html]
[virusportfolio.webstarts.com/intros.html]
[virusportfolio.webstarts.com/client_work.html]
[virusportfolio.webstarts.com/other.html]
[virusportfolio.webstarts.com/social_media.html]
[virusportfolio.webstarts.com/index.html]
[www.webstarts.com/static/library/users/common.css]
[www.webstarts.com/static/client-site-resources/10559142/css/siteba61.css]
[www.webstarts.com/static/client-site-resources/10559142/css/layout-desktopba61.css]
[www.webstarts.com/static/library/users/fonts/public/css/public-icons.min.css]
[virusportfolio.webstarts.com/css/position.css]
[www.webstarts.com/static/client-site-resources/10559142/css/indexba61.css]
[www.webstarts.com/static/client-site-resources/10559142/css/index-layout-desktopba61.css]
[www.webstarts.com/static/library/users/magnific-popup/dist/magnific-popup.css]
[virusportfolio.webstarts.com/index-2.html]
[www.webstarts.com/static/client-site-resources/10559142/css/editsf984.css]
[www.webstarts.com/static/client-site-resources/10559142/css/edits-layout-desktopf984.css]
[virusportfolio.webstarts.com/edits.html]
[www.webstarts.com/static/client-site-resources/10559142/css/intros9ff4.css]
[www.webstarts.com/static/client-site-resources/10559142/css/intros-layout-desktop9ff4.css]
[virusportfolio.webstarts.com/intros.html]
[www.webstarts.com/static/client-site-resources/10559142/css/client_work7e65.css]
[www.webstarts.com/static/client-site-resources/10559142/css/client_work-layout-desktop7e65.css]
[virusportfolio.webstarts.com/client_work.html]
[www.webstarts.com/static/client-site-resources/10559142/css/other0622.css]
[www.webstarts.com/static/client-site-resources/10559142/css/other-layout-desktop0622.css]
[virusportfolio.webstarts.com/other.html]
[www.webstarts.com/static/client-site-resources/10559142/css/social_media5f7d.css]
[www.webstarts.com/static/client-site-resources/10559142/css/social_media-layout-desktop5f7d.css]
[ww38.your-domain.com/path/image.html]
[connect.facebook.net/en_US/sdk.js]
[platform.twitter.com/widgets.js]
[virusportfolio.webstarts.com/social_media.html]
[www.webstarts.com/static/library/images/effects/gradient-shiny-hq.html]
[www.webstarts.com/static/library/images/effects/gradient-vista-hq.html]
[www.webstarts.com/static/library/images/effects/liftedshadow_m-hq.html]
[www.webstarts.com/static/library/images/effects/cornershadow-hq.html]
[www.webstarts.com/static/library/images/effects/rounded-shadow-hq.html]
[www.webstarts.com/static/library/users/img/arrow.html]
[www.webstarts.com/static/client-site-resources/10559142/css/editsf984.css]
[www.webstarts.com/static/client-site-resources/10559142/css/edits-layout-desktopf984.css]
[www.webstarts.com/static/client-site-resources/10559142/css/intros9ff4.css]
[www.webstarts.com/static/client-site-resources/10559142/css/intros-layout-desktop9ff4.css]
[www.webstarts.com/static/client-site-resources/10559142/css/client_work7e65.css]
[www.webstarts.com/static/client-site-resources/10559142/css/client_work-layout-desktop7e65.css]
[www.webstarts.com/static/client-site-resources/10559142/css/other0622.css]
[www.webstarts.com/static/client-site-resources/10559142/css/other-layout-desktop0622.css]
[www.webstarts.com/static/client-site-resources/10559142/css/social_media5f7d.css]
[www.webstarts.com/static/client-site-resources/10559142/css/social_media-layout-desktop5f7d.css]
[d1lxhc4jvstzrp.cloudfront.net/themes/saledefault.css]
[d1lxhc4jvstzrp.cloudfront.net/themes/assets/style.css]
[d1lxhc4jvstzrp.cloudfront.net/themes/assets/skenzo.css]
[c.parkingcrew.net/scripts/sale_form.js]
[ww38.your-domain.com/path/image.html]
[connect.facebook.net/en_US/sdk.js]
[d1lxhc4jvstzrp.cloudfront.net/themes/sale/sale_simple.png]
[d1lxhc4jvstzrp.cloudfront.net/themes/saledefault.css]
[d1lxhc4jvstzrp.cloudfront.net/themes/sale/orange.png]
[d1lxhc4jvstzrp.cloudfront.net/themes/assets/star0.gif]
[d1lxhc4jvstzrp.cloudfront.net/themes/assets/star1.gif]
[d1lxhc4jvstzrp.cloudfront.net/themes/assets/style.css]
[d1lxhc4jvstzrp.cloudfront.net/themes/assets/starH.gif]
[d1lxhc4jvstzrp.cloudfront.net/themes/assets/skenzo.css]
